syn:  2               KeyWord:          #
syn:  25              ID:               include
syn:  100             String:           "includetest"
syn:  33              KeyWord:          [
syn:  25              ID:               unfind
syn:  34              KeyWord:          ]
syn:  54              KeyWord:          static
syn:  48              KeyWord:          int
syn:  25              ID:               test
syn:  20              KeyWord:          ;
syn:  2               KeyWord:          #
syn:  25              ID:               include
syn:  21              KeyWord:          <
syn:  25              ID:               string
syn:  28              KeyWord:          >
syn:  48              KeyWord:          int
syn:  50              KeyWord:          main
syn:  5               KeyWord:          (
syn:  6               KeyWord:          )
syn:  61              KeyWord:          {
syn:  25              ID:               std
syn:  18              KeyWord:          ::
syn:  25              ID:               string
syn:  25              ID:               line
syn:  20              KeyWord:          ;
syn:  25              ID:               std
syn:  18              KeyWord:          ::
syn:  25              ID:               string
syn:  25              ID:               input
syn:  20              KeyWord:          ;
syn:  25              ID:               std
syn:  18              KeyWord:          ::
syn:  25              ID:               cin
syn:  30              KeyWord:          >>
syn:  25              ID:               line
syn:  20              KeyWord:          ;
syn:  25              ID:               std
syn:  18              KeyWord:          ::
syn:  25              ID:               cout
syn:  23              KeyWord:          <<
syn:  25              ID:               line
syn:  23              KeyWord:          <<
syn:  25              ID:               endl
syn:  20              KeyWord:          ;
syn:  51              KeyWord:          return
syn:  26              Dight:            0
syn:  20              KeyWord:          ;
syn:  62              KeyWord:          }
syn:  2               KeyWord:          #
syn:  25              ID:               include
syn:  100             String:           "includetest"
syn:  33              KeyWord:          [
syn:  25              ID:               unfind
syn:  34              KeyWord:          ]
syn:  54              KeyWord:          static
syn:  48              KeyWord:          int
syn:  25              ID:               test
syn:  20              KeyWord:          ;
syn:  2               KeyWord:          #
syn:  25              ID:               include
syn:  21              KeyWord:          <
syn:  25              ID:               string
syn:  28              KeyWord:          >
syn:  48              KeyWord:          int
syn:  50              KeyWord:          main
syn:  5               KeyWord:          (
syn:  6               KeyWord:          )
syn:  61              KeyWord:          {
syn:  25              ID:               std
syn:  18              KeyWord:          ::
syn:  25              ID:               string
syn:  25              ID:               line
syn:  20              KeyWord:          ;
syn:  25              ID:               std
syn:  18              KeyWord:          ::
syn:  25              ID:               string
syn:  25              ID:               input
syn:  20              KeyWord:          ;
syn:  25              ID:               std
syn:  18              KeyWord:          ::
syn:  25              ID:               cin
syn:  30              KeyWord:          >>
syn:  25              ID:               line
syn:  20              KeyWord:          ;
syn:  25              ID:               std
syn:  18              KeyWord:          ::
syn:  25              ID:               cout
syn:  23              KeyWord:          <<
syn:  25              ID:               line
syn:  23              KeyWord:          <<
syn:  25              ID:               endl
syn:  20              KeyWord:          ;
syn:  51              KeyWord:          return
syn:  26              Dight:            0
syn:  20              KeyWord:          ;
syn:  62              KeyWord:          }
syn:  2               KeyWord:          #
syn:  25              ID:               include
syn:  100             String:           "includetest"
syn:  33              KeyWord:          [
syn:  25              ID:               unfind
syn:  34              KeyWord:          ]
syn:  54              KeyWord:          static
syn:  48              KeyWord:          int
syn:  25              ID:               test
syn:  20              KeyWord:          ;
syn:  2               KeyWord:          #
syn:  25              ID:               include
syn:  21              KeyWord:          <
syn:  25              ID:               string
syn:  28              KeyWord:          >
syn:  48              KeyWord:          int
syn:  50              KeyWord:          main
syn:  5               KeyWord:          (
syn:  6               KeyWord:          )
syn:  61              KeyWord:          {
syn:  25              ID:               std
syn:  18              KeyWord:          ::
syn:  25              ID:               string
syn:  25              ID:               line
syn:  20              KeyWord:          ;
syn:  25              ID:               std
syn:  18              KeyWord:          ::
syn:  25              ID:               string
syn:  25              ID:               input
syn:  20              KeyWord:          ;
syn:  25              ID:               std
syn:  18              KeyWord:          ::
syn:  25              ID:               cin
syn:  30              KeyWord:          >>
syn:  25              ID:               line
syn:  20              KeyWord:          ;
syn:  25              ID:               std
syn:  18              KeyWord:          ::
syn:  25              ID:               cout
syn:  23              KeyWord:          <<
syn:  25              ID:               line
syn:  23              KeyWord:          <<
syn:  25              ID:               endl
syn:  20              KeyWord:          ;
syn:  51              KeyWord:          return
syn:  26              Dight:            0
syn:  20              KeyWord:          ;
syn:  62              KeyWord:          }
syn:  2               KeyWord:          #
syn:  25              ID:               include
syn:  100             String:           "includetest"
syn:  33              KeyWord:          [
syn:  25              ID:               unfind
syn:  34              KeyWord:          ]
syn:  54              KeyWord:          static
syn:  48              KeyWord:          int
syn:  25              ID:               test
syn:  20              KeyWord:          ;
syn:  2               KeyWord:          #
syn:  25              ID:               include
syn:  21              KeyWord:          <
syn:  25              ID:               string
syn:  28              KeyWord:          >
syn:  48              KeyWord:          int
syn:  50              KeyWord:          main
syn:  5               KeyWord:          (
syn:  6               KeyWord:          )
syn:  61              KeyWord:          {
syn:  25              ID:               std
syn:  18              KeyWord:          ::
syn:  25              ID:               string
syn:  25              ID:               line
syn:  20              KeyWord:          ;
syn:  25              ID:               std
syn:  18              KeyWord:          ::
syn:  25              ID:               string
syn:  25              ID:               input
syn:  20              KeyWord:          ;
syn:  25              ID:               std
syn:  18              KeyWord:          ::
syn:  25              ID:               cin
syn:  30              KeyWord:          >>
syn:  25              ID:               line
syn:  20              KeyWord:          ;
syn:  25              ID:               std
syn:  18              KeyWord:          ::
syn:  25              ID:               cout
syn:  23              KeyWord:          <<
syn:  25              ID:               line
syn:  23              KeyWord:          <<
syn:  25              ID:               endl
syn:  20              KeyWord:          ;
syn:  51              KeyWord:          return
syn:  26              Dight:            0
syn:  20              KeyWord:          ;
syn:  62              KeyWord:          }
syn:  2               KeyWord:          #
syn:  25              ID:               include
syn:  100             String:           "includetest"
syn:  33              KeyWord:          [
syn:  25              ID:               unfind
syn:  34              KeyWord:          ]
syn:  54              KeyWord:          static
syn:  48              KeyWord:          int
syn:  25              ID:               test
syn:  20              KeyWord:          ;
syn:  2               KeyWord:          #
syn:  25              ID:               include
syn:  21              KeyWord:          <
syn:  25              ID:               string
syn:  28              KeyWord:          >
syn:  48              KeyWord:          int
syn:  50              KeyWord:          main
syn:  5               KeyWord:          (
syn:  6               KeyWord:          )
syn:  61              KeyWord:          {
syn:  25              ID:               std
syn:  18              KeyWord:          ::
syn:  25              ID:               string
syn:  25              ID:               line
syn:  20              KeyWord:          ;
syn:  25              ID:               std
syn:  18              KeyWord:          ::
syn:  25              ID:               string
syn:  25              ID:               input
syn:  20              KeyWord:          ;
syn:  25              ID:               std
syn:  18              KeyWord:          ::
syn:  25              ID:               cin
syn:  30              KeyWord:          >>
syn:  25              ID:               line
syn:  20              KeyWord:          ;
syn:  25              ID:               std
syn:  18              KeyWord:          ::
syn:  25              ID:               cout
syn:  23              KeyWord:          <<
syn:  25              ID:               line
syn:  23              KeyWord:          <<
syn:  25              ID:               endl
syn:  20              KeyWord:          ;
syn:  51              KeyWord:          return
syn:  26              Dight:            0
syn:  20              KeyWord:          ;
syn:  62              KeyWord:          }
syn:  2               KeyWord:          #
syn:  25              ID:               include
syn:  100             String:           "includetest"
syn:  33              KeyWord:          [
syn:  25              ID:               unfind
syn:  34              KeyWord:          ]
syn:  54              KeyWord:          static
syn:  48              KeyWord:          int
syn:  25              ID:               test
syn:  20              KeyWord:          ;
syn:  2               KeyWord:          #
syn:  25              ID:               include
syn:  21              KeyWord:          <
syn:  25              ID:               string
syn:  28              KeyWord:          >
syn:  48              KeyWord:          int
syn:  50              KeyWord:          main
syn:  5               KeyWord:          (
syn:  6               KeyWord:          )
syn:  61              KeyWord:          {
syn:  25              ID:               std
syn:  18              KeyWord:          ::
syn:  25              ID:               string
syn:  25              ID:               line
syn:  20              KeyWord:          ;
syn:  25              ID:               std
syn:  18              KeyWord:          ::
syn:  25              ID:               string
syn:  25              ID:               input
syn:  20              KeyWord:          ;
syn:  25              ID:               std
syn:  18              KeyWord:          ::
syn:  25              ID:               cin
syn:  30              KeyWord:          >>
syn:  25              ID:               line
syn:  20              KeyWord:          ;
syn:  25              ID:               std
syn:  18              KeyWord:          ::
syn:  25              ID:               cout
syn:  23              KeyWord:          <<
syn:  25              ID:               line
syn:  23              KeyWord:          <<
syn:  25              ID:               endl
syn:  20              KeyWord:          ;
syn:  51              KeyWord:          return
syn:  26              Dight:            0
syn:  20              KeyWord:          ;
syn:  62              KeyWord:          }
